// Jest Snapshot v1, https://goo.gl/fbAQLP

exports[`VillagerList renders a list of animal crossing characters on the screen 1`] = `
<ul
  aria-label="villager-list"
  style="display: flex; flex-wrap: wrap; flex-direction: row; list-style: none;"
/>
`;
